[    0.000000] Linux version 4.15.0-139-generic (buildd@lgw01-amd64-035) (gcc version 7.5.0 (Ubuntu 7.5.0-3ubuntu1~18.04)) #143-Ubuntu SMP Tue Mar 16 01:30:17 UTC 2021 (Ubuntu 4.15.0-139.143-generic 4.15.18)
[    0.000000] Command line: BOOT_IMAGE=/boot/vmlinuz-4.15.0-139-generic root=LABEL=cloudimg-rootfs ro console=tty1 console=ttyS0
[    0.000000] KERNEL supported cpus:
[    0.000000]   Intel GenuineIntel
[    0.000000]   AMD AuthenticAMD
[    0.000000]   Centaur CentaurHauls
[    0.000000] x86/fpu: Supporting XSAVE feature 0x001: 'x87 floating point registers'
[    0.000000] x86/fpu: Supporting XSAVE feature 0x002: 'SSE registers'
[    0.000000] x86/fpu: Supporting XSAVE feature 0x004: 'AVX registers'
[    0.000000] x86/fpu: xstate_offset[2]:  576, xstate_sizes[2]:  256
[    0.000000] x86/fpu: Enabled xstate features 0x7, context size is 832 bytes, using 'standard' format.
[    0.000000] e820: BIOS-provided physical RAM map:
[    0.000000] BIOS-e820: [mem 0x0000000000000000-0x000000000009fbff] usable
[    0.000000] BIOS-e820: [mem 0x000000000009fc00-0x000000000009ffff] reserved
[    0.000000] BIOS-e820: [mem 0x00000000000f0000-0x00000000000fffff] reserved
[    0.000000] BIOS-e820: [mem 0x0000000000100000-0x000000007ffeffff] usable
[    0.000000] BIOS-e820: [mem 0x000000007fff0000-0x000000007fffffff] ACPI data
[    0.000000] BIOS-e820: [mem 0x00000000fec00000-0x00000000fec00fff] reserved
[    0.000000] BIOS-e820: [mem 0x00000000fee00000-0x00000000fee00fff] reserved
[    0.000000] BIOS-e820: [mem 0x00000000fffc0000-0x00000000ffffffff] reserved
[    0.000000] NX (Execute Disable) protection: active
[    0.000000] SMBIOS 2.5 present.
[    0.000000] DMI: innotek GmbH VirtualBox/VirtualBox, BIOS VirtualBox 12/01/2006
[    0.000000] Hypervisor detected: KVM
[    0.000000] e820: last_pfn = 0x7fff0 max_arch_pfn = 0x400000000
[    0.000000] MTRR: Disabled
[    0.000000] x86/PAT: MTRRs disabled, skipping PAT initialization too.
[    0.000000] CPU MTRRs all blank - virtualized system.
[    0.000000] x86/PAT: Configuration [0-7]: WB  WT  UC- UC  WB  WT  UC- UC  
[    0.000000] found SMP MP-table at [mem 0x0009fff0-0x0009ffff]
[    0.000000] Scanning 1 areas for low memory corruption
[    0.000000] RAMDISK: [mem 0x35a63000-0x36d28fff]
[    0.000000] ACPI: Early table checksum verification disabled
[    0.000000] ACPI: RSDP 0x00000000000E0000 000024 (v02 VBOX  )
[    0.000000] ACPI: XSDT 0x000000007FFF0030 00003C (v01 VBOX   VBOXXSDT 00000001 ASL  00000061)
[    0.000000] ACPI: FACP 0x000000007FFF00F0 0000F4 (v04 VBOX   VBOXFACP 00000001 ASL  00000061)
[    0.000000] ACPI: DSDT 0x000000007FFF0480 002325 (v02 VBOX   VBOXBIOS 00000002 INTL 20120111)
[    0.000000] ACPI: FACS 0x000000007FFF0200 000040
[    0.000000] ACPI: FACS 0x000000007FFF0200 000040
[    0.000000] ACPI: APIC 0x000000007FFF0240 00006C (v02 VBOX   VBOXAPIC 00000001 ASL  00000061)
[    0.000000] ACPI: SSDT 0x000000007FFF02B0 0001CC (v01 VBOX   VBOXCPUT 00000002 INTL 20120111)
[    0.000000] No NUMA configuration found
[    0.000000] Faking a node at [mem 0x0000000000000000-0x000000007ffeffff]
[    0.000000] NODE_DATA(0) allocated [mem 0x7ffc5000-0x7ffeffff]
[    0.000000] kvm-clock: cpu 0, msr 0:7ff44001, primary cpu clock
[    0.000000] kvm-clock: Using msrs 4b564d01 and 4b564d00
[    0.000000] kvm-clock: using sched offset of 3258349837 cycles
[    0.000000] clocksource: kvm-clock: mask: 0xffffffffffffffff max_cycles: 0x1cd42e4dffb, max_idle_ns: 881590591483 ns
[    0.000000] Zone ranges:
[    0.000000]   DMA      [mem 0x0000000000001000-0x0000000000ffffff]
[    0.000000]   DMA32    [mem 0x0000000001000000-0x000000007ffeffff]
[    0.000000]   Normal   empty
[    0.000000]   Device   empty
[    0.000000] Movable zone start for each node
[    0.000000] Early memory node ranges
[    0.000000]   node   0: [mem 0x0000000000001000-0x000000000009efff]
[    0.000000]   node   0: [mem 0x0000000000100000-0x000000007ffeffff]
[    0.000000] Reserved but unavailable: 98 pages
[    0.000000] Initmem setup node 0 [mem 0x0000000000001000-0x000000007ffeffff]
[    0.000000] ACPI: PM-Timer IO Port: 0x4008
[    0.000000] IOAPIC[0]: apic_id 4, version 32, address 0xfec00000, GSI 0-23
[    0.000000] ACPI: INT_SRC_OVR (bus 0 bus_irq 0 global_irq 2 dfl dfl)
[    0.000000] ACPI: INT_SRC_OVR (bus 0 bus_irq 9 global_irq 9 low level)
[    0.000000] Using ACPI (MADT) for SMP configuration information
[    0.000000] smpboot: Allowing 4 CPUs, 0 hotplug CPUs
[    0.000000] PM: Registered nosave memory: [mem 0x00000000-0x00000fff]
[    0.000000] PM: Registered nosave memory: [mem 0x0009f000-0x0009ffff]
[    0.000000] PM: Registered nosave memory: [mem 0x000a0000-0x000effff]
[    0.000000] PM: Registered nosave memory: [mem 0x000f0000-0x000fffff]
[    0.000000] e820: [mem 0x80000000-0xfebfffff] available for PCI devices
[    0.000000] Booting paravirtualized kernel on KVM
[    0.000000] clocksource: refined-jiffies: mask: 0xffffffff max_cycles: 0xffffffff, max_idle_ns: 7645519600211568 ns
[    0.000000] random: get_random_bytes called from start_kernel+0x99/0x500 with crng_init=0
[    0.000000] setup_percpu: NR_CPUS:8192 nr_cpumask_bits:4 nr_cpu_ids:4 nr_node_ids:1
[    0.000000] percpu: Embedded 45 pages/cpu s147456 r8192 d28672 u524288
[    0.000000] PV qspinlock hash table entries: 256 (order: 0, 4096 bytes)
[    0.000000] Built 1 zonelists, mobility grouping on.  Total pages: 515961
[    0.000000] Policy zone: DMA32
[    0.000000] Kernel command line: BOOT_IMAGE=/boot/vmlinuz-4.15.0-139-generic root=LABEL=cloudimg-rootfs ro console=tty1 console=ttyS0
[    0.000000] Memory: 2014852K/2096696K available (12300K kernel code, 2483K rwdata, 4276K rodata, 2440K init, 2724K bss, 81844K reserved, 0K cma-reserved)
[    0.000000] SLUB: HWalign=64, Order=0-3, MinObjects=0, CPUs=4, Nodes=1
[    0.000000] Kernel/User page tables isolation: enabled
[    0.000000] ftrace: allocating 39429 entries in 155 pages
[    0.004000] Hierarchical RCU implementation.
[    0.004000] 	RCU restricting CPUs from NR_CPUS=8192 to nr_cpu_ids=4.
[    0.004000] 	Tasks RCU enabled.
[    0.004000] RCU: Adjusting geometry for rcu_fanout_leaf=16, nr_cpu_ids=4
[    0.004000] NR_IRQS: 524544, nr_irqs: 456, preallocated irqs: 16
[    0.004000] Console: colour VGA+ 80x25
[    0.004000] console [tty1] enabled
[    0.004000] console [ttyS0] enabled
[    0.004000] ACPI: Core revision 20170831
[    0.004000] ACPI: 2 ACPI AML tables successfully acquired and loaded
[    0.004000] APIC: Switch to symmetric I/O mode setup
[    0.004000] x2apic enabled
[    0.004000] Switched APIC routing to physical x2apic.
[    0.004000] ..TIMER: vector=0x30 apic1=0 pin1=2 apic2=-1 pin2=-1
[    0.004000] tsc: Detected 3791.998 MHz processor
[    0.004006] Calibrating delay loop (skipped) preset value.. 7583.99 BogoMIPS (lpj=15167992)
[    0.005214] pid_max: default: 32768 minimum: 301
[    0.005909] Security Framework initialized
[    0.006522] Yama: becoming mindful.
[    0.007067] AppArmor: AppArmor initialized
[    0.009048] Dentry cache hash table entries: 262144 (order: 9, 2097152 bytes)
[    0.010886] Inode-cache hash table entries: 131072 (order: 8, 1048576 bytes)
[    0.012010] Mount-cache hash table entries: 4096 (order: 3, 32768 bytes)
[    0.012969] Mountpoint-cache hash table entries: 4096 (order: 3, 32768 bytes)
[    0.014170] Last level iTLB entries: 4KB 64, 2MB 8, 4MB 8
[    0.014965] Last level dTLB entries: 4KB 64, 2MB 0, 4MB 0, 1GB 4
[    0.015829] Spectre V1 : Mitigation: usercopy/swapgs barriers and __user pointer sanitization
[    0.016002] Spectre V2 : Mitigation: Full generic retpoline
[    0.016809] Spectre V2 : Spectre v2 / SpectreRSB mitigation: Filling RSB on context switch
[    0.018003] Speculative Store Bypass: Vulnerable
[    0.018705] MDS: Mitigation: Clear CPU buffers
[    0.020116] Freeing SMP alternatives memory: 36K
[    0.130274] smpboot: CPU0: Intel(R) Core(TM) i7-10700K CPU @ 3.80GHz (family: 0x6, model: 0xa5, stepping: 0x5)
[    0.131768] Performance Events: unsupported p6 CPU model 165 no PMU driver, software events only.
[    0.132000] Hierarchical SRCU implementation.
[    0.132076] NMI watchdog: Perf event create on CPU 0 failed with -2
[    0.133169] NMI watchdog: Perf NMI watchdog permanently disabled
[    0.134050] smp: Bringing up secondary CPUs ...
[    0.135162] x86: Booting SMP configuration:
[    0.135774] .... node  #0, CPUs:      #1
[    0.004000] kvm-clock: cpu 1, msr 0:7ff44041, secondary cpu clock
[    0.139694]  #2
[    0.004000] kvm-clock: cpu 2, msr 0:7ff44081, secondary cpu clock
[    0.143014]  #3
[    0.004000] kvm-clock: cpu 3, msr 0:7ff440c1, secondary cpu clock
[    0.146760] smp: Brought up 1 node, 4 CPUs
[    0.146760] smpboot: Max logical packages: 1
[    0.148002] smpboot: Total of 4 processors activated (30335.98 BogoMIPS)
[    0.149174] devtmpfs: initialized
[    0.149174] x86/mm: Memory block size: 128MB
[    0.149296] evm: security.selinux
[    0.149853] evm: security.SMACK64
[    0.150350] evm: security.SMACK64EXEC
[    0.152002] evm: security.SMACK64TRANSMUTE
[    0.152607] evm: security.SMACK64MMAP
[    0.153152] evm: security.apparmor
[    0.153661] evm: security.ima
[    0.154113] evm: security.capability
[    0.154678] clocksource: jiffies: mask: 0xffffffff max_cycles: 0xffffffff, max_idle_ns: 7645041785100000 ns
[    0.156006] futex hash table entries: 1024 (order: 4, 65536 bytes)
[    0.156923] pinctrl core: initialized pinctrl subsystem
[    0.157760] RTC time:  6:49:10, date: 03/21/21
[    0.158715] NET: Registered protocol family 16
[    0.160044] audit: initializing netlink subsys (disabled)
[    0.160833] audit: type=2000 audit(1616309354.921:1): state=initialized audit_enabled=0 res=1
[    0.160833] cpuidle: using governor ladder
[    0.164008] cpuidle: using governor menu
[    0.164616] ACPI: bus type PCI registered
[    0.165213] acpiphp: ACPI Hot Plug PCI Controller Driver version: 0.5
[    0.166218] PCI: Using configuration type 1 for base access
[    0.168027] HugeTLB registered 2.00 MiB page size, pre-allocated 0 pages
[    0.168993] ACPI: Added _OSI(Module Device)
[    0.168993] ACPI: Added _OSI(Processor Device)
[    0.169331] ACPI: Added _OSI(3.0 _SCP Extensions)
[    0.170057] ACPI: Added _OSI(Processor Aggregator Device)
[    0.172005] ACPI: Added _OSI(Linux-Dell-Video)
[    0.172668] ACPI: Added _OSI(Linux-Lenovo-NV-HDMI-Audio)
[    0.173436] ACPI: Added _OSI(Linux-HPI-Hybrid-Graphics)
[    0.174464] ACPI: Executed 1 blocks of module-level executable AML code
[    0.177632] ACPI: Interpreter enabled
[    0.178192] ACPI: (supports S0 S5)
[    0.178705] ACPI: Using IOAPIC for interrupt routing
[    0.179599] PCI: Using host bridge windows from ACPI; if necessary, use "pci=nocrs" and report a bug
[    0.180145] ACPI: Enabled 2 GPEs in block 00 to 07
[    0.186256] ACPI: PCI Root Bridge [PCI0] (domain 0000 [bus 00-ff])
[    0.187160] acpi PNP0A03:00: _OSC: OS supports [ASPM ClockPM Segments MSI]
[    0.188291] acpi PNP0A03:00: _OSC: not requesting OS control; OS requires [ExtendedConfig ASPM ClockPM MSI]
[    0.189667] acpi PNP0A03:00: fail to add MMCONFIG information, can't access extended PCI configuration space under this bridge.
[    0.191690] PCI host bridge to bus 0000:00
[    0.192002] pci_bus 0000:00: root bus resource [io  0x0000-0x0cf7 window]
[    0.192958] pci_bus 0000:00: root bus resource [io  0x0d00-0xffff window]
[    0.193912] pci_bus 0000:00: root bus resource [mem 0x000a0000-0x000bffff window]
[    0.195032] pci_bus 0000:00: root bus resource [mem 0x80000000-0xfdffffff window]
[    0.196001] pci_bus 0000:00: root bus resource [bus 00-ff]
[    0.198701] pci 0000:00:01.1: legacy IDE quirk: reg 0x10: [io  0x01f0-0x01f7]
[    0.200002] pci 0000:00:01.1: legacy IDE quirk: reg 0x14: [io  0x03f6]
[    0.200938] pci 0000:00:01.1: legacy IDE quirk: reg 0x18: [io  0x0170-0x0177]
[    0.201938] pci 0000:00:01.1: legacy IDE quirk: reg 0x1c: [io  0x0376]
[    0.215671] pci 0000:00:07.0: quirk: [io  0x4000-0x403f] claimed by PIIX4 ACPI
[    0.216014] pci 0000:00:07.0: quirk: [io  0x4100-0x410f] claimed by PIIX4 SMB
[    0.225318] ACPI: PCI Interrupt Link [LNKA] (IRQs 5 9 10 *11)
[    0.226379] ACPI: PCI Interrupt Link [LNKB] (IRQs 5 9 *10 11)
[    0.227349] ACPI: PCI Interrupt Link [LNKC] (IRQs 5 *9 10 11)
[    0.228095] ACPI: PCI Interrupt Link [LNKD] (IRQs 5 9 10 *11)
[    0.229132] SCSI subsystem initialized
[    0.229730] pci 0000:00:02.0: vgaarb: setting as boot VGA device
[    0.229730] pci 0000:00:02.0: vgaarb: VGA device added: decodes=io+mem,owns=io+mem,locks=none
[    0.232009] pci 0000:00:02.0: vgaarb: bridge control possible
[    0.232840] vgaarb: loaded
[    0.233276] ACPI: bus type USB registered
[    0.233890] usbcore: registered new interface driver usbfs
[    0.234689] usbcore: registered new interface driver hub
[    0.235518] usbcore: registered new device driver usb
[    0.236040] EDAC MC: Ver: 3.0.0
[    0.236717] PCI: Using ACPI for IRQ routing
[    0.236883] NetLabel: Initializing
[    0.237409] NetLabel:  domain hash size = 128
[    0.238090] NetLabel:  protocols = UNLABELED CIPSOv4 CALIPSO
[    0.240016] NetLabel:  unlabeled traffic allowed by default
[    0.240843] clocksource: Switched to clocksource kvm-clock
[    0.249197] VFS: Disk quotas dquot_6.6.0
[    0.249845] VFS: Dquot-cache hash table entries: 512 (order 0, 4096 bytes)
[    0.250888] AppArmor: AppArmor Filesystem Enabled
[    0.251600] pnp: PnP ACPI init
[    0.252987] pnp: PnP ACPI: found 3 devices
[    0.262785] clocksource: acpi_pm: mask: 0xffffff max_cycles: 0xffffff, max_idle_ns: 2085701024 ns
[    0.264115] NET: Registered protocol family 2
[    0.264884] TCP established hash table entries: 16384 (order: 5, 131072 bytes)
[    0.265980] TCP bind hash table entries: 16384 (order: 6, 262144 bytes)
[    0.266938] TCP: Hash tables configured (established 16384 bind 16384)
[    0.267885] UDP hash table entries: 1024 (order: 3, 32768 bytes)
[    0.268769] UDP-Lite hash table entries: 1024 (order: 3, 32768 bytes)
[    0.269703] NET: Registered protocol family 1
[    0.270350] pci 0000:00:00.0: Limiting direct PCI/PCI transfers
[    0.271213] pci 0000:00:01.0: Activating ISA DMA hang workarounds
[    0.272133] pci 0000:00:02.0: Video device with shadowed ROM at [mem 0x000c0000-0x000dffff]
[    0.273407] Unpacking initramfs...
[    0.472771] Freeing initrd memory: 19224K
[    0.475714] clocksource: tsc: mask: 0xffffffffffffffff max_cycles: 0x6d51a1f9672, max_idle_ns: 881590864124 ns
[    0.477247] platform rtc_cmos: registered platform RTC device (no PNP device found)
[    0.478367] Scanning for low memory corruption every 60 seconds
[    0.479659] Initialise system trusted keyrings
[    0.480456] Key type blacklist registered
[    0.481129] workingset: timestamp_bits=36 max_order=19 bucket_order=0
[    0.482636] zbud: loaded
[    0.483377] squashfs: version 4.0 (2009/01/31) Phillip Lougher
[    0.484444] fuse init (API version 7.26)
[    0.487882] Key type asymmetric registered
[    0.488752] Asymmetric key parser 'x509' registered
[    0.489492] Block layer SCSI generic (bsg) driver version 0.4 loaded (major 246)
[    0.490750] io scheduler noop registered
[    0.491352] io scheduler deadline registered
[    0.492006] io scheduler cfq registered (default)
[    0.493088] ACPI: AC Adapter [AC] (on-line)
[    0.493740] input: Power Button as /devices/LNXSYSTM:00/LNXPWRBN:00/input/input0
[    0.494897] ACPI: Power Button [PWRF]
[    0.495498] input: Sleep Button as /devices/LNXSYSTM:00/LNXSLPBN:00/input/input1
[    0.496626] ACPI: Sleep Button [SLPF]
[    0.497424] Serial: 8250/16550 driver, 32 ports, IRQ sharing enabled
[    0.519033] 00:02: ttyS0 at I/O 0x3f8 (irq = 4, base_baud = 115200) is a 16550A
[    0.522126] Linux agpgart interface v0.103
[    0.524031] loop: module loaded
[    0.525007] scsi host0: ata_piix
[    0.525664] scsi host1: ata_piix
[    0.526251] ata1: PATA max UDMA/33 cmd 0x1f0 ctl 0x3f6 bmdma 0xd000 irq 14
[    0.527230] ata2: PATA max UDMA/33 cmd 0x170 ctl 0x376 bmdma 0xd008 irq 15
[    0.528311] libphy: Fixed MDIO Bus: probed
[    0.528945] tun: Universal TUN/TAP device driver, 1.6
[    0.529726] PPP generic driver version 2.4.2
[    0.530406] ehci_hcd: USB 2.0 'Enhanced' Host Controller (EHCI) Driver
[    0.531335] ehci-pci: EHCI PCI platform driver
[    0.531987] ehci-platform: EHCI generic platform driver
[    0.532791] ohci_hcd: USB 1.1 'Open' Host Controller (OHCI) Driver
[    0.533674] ohci-pci: OHCI PCI platform driver
[    0.534334] ohci-platform: OHCI generic platform driver
[    0.535084] uhci_hcd: USB Universal Host Controller Interface driver
[    0.536015] i8042: PNP: PS/2 Controller [PNP0303:PS2K,PNP0f03:PS2M] at 0x60,0x64 irq 1,12
[    0.538040] serio: i8042 KBD port at 0x60,0x64 irq 1
[    0.538791] serio: i8042 AUX port at 0x60,0x64 irq 12
[    0.539649] mousedev: PS/2 mouse device common for all mice
[    0.540956] input: AT Translated Set 2 keyboard as /devices/platform/i8042/serio0/input/input2
[    0.542202] rtc_cmos rtc_cmos: rtc core: registered rtc_cmos as rtc0
[    0.543229] rtc_cmos rtc_cmos: alarms up to one day, 114 bytes nvram
[    0.544134] i2c /dev entries driver
[    0.544730] device-mapper: uevent: version 1.0.3
[    0.545467] device-mapper: ioctl: 4.37.0-ioctl (2017-09-20) initialised: dm-devel@redhat.com
[    0.546831] ledtrig-cpu: registered to indicate activity on CPUs
[    0.548031] NET: Registered protocol family 10
[    0.550861] Segment Routing with IPv6
[    0.551431] NET: Registered protocol family 17
[    0.552180] Key type dns_resolver registered
[    0.553037] mce: Using 0 MCE banks
[    0.553566] RAS: Correctable Errors collector initialized.
[    0.554374] sched_clock: Marking stable (553021789, 0)->(683078542, -130056753)
[    0.555963] registered taskstats version 1
[    0.556635] Loading compiled-in X.509 certificates
[    0.558640] Loaded X.509 cert 'Build time autogenerated kernel key: 9b9955b80c271df2d4651fb935031a2c1666e8fa'
[    0.560075] zswap: loaded using pool lzo/zbud
[    0.562760] Key type big_key registered
[    0.563337] Key type trusted registered
[    0.564858] Key type encrypted registered
[    0.565536] AppArmor: AppArmor sha1 policy hashing enabled
[    0.566324] ima: No TPM chip found, activating TPM-bypass! (rc=-19)
[    0.567216] ima: Allocated hash algorithm: sha1
[    0.567886] evm: HMAC attrs: 0x1
[    0.568655]   Magic number: 13:979:822
[    0.569282] rtc_cmos rtc_cmos: setting system clock to 2021-03-21 06:49:10 UTC (1616309350)
[    0.570562] BIOS EDD facility v0.16 2004-Jun-25, 0 devices found
[    0.571421] EDD information not available.
[    0.901398] Freeing unused kernel image memory: 2440K
[    1.487138] Write protecting the kernel read-only data: 20480k
[    1.488884] Freeing unused kernel image memory: 2008K
[    1.489871] Freeing unused kernel image memory: 1868K
[    1.496408] x86/mm: Checked W+X mappings: passed, no W+X pages found.
[    1.497363] x86/mm: Checking user space page tables
[    1.503365] x86/mm: Checked W+X mappings: passed, no W+X pages found.
Loading, please wait...
starting version 237
[    1.534326] e1000: Intel(R) PRO/1000 Network Driver - version 7.3.21-k8-NAPI
[    1.535329] e1000: Copyright (c) 1999-2006 Intel Corporation.
[    1.539872] Fusion MPT base driver 3.04.20
[    1.541144] Copyright (c) 1999-2008 LSI Corporation
[    1.545059] Fusion MPT SPI Host driver 3.04.20
[    1.548588] AVX2 version of gcm_enc/dec engaged.
[    1.549385] AES CTR mode by8 optimization enabled
[    1.746793] input: ImExPS/2 Generic Explorer Mouse as /devices/platform/i8042/serio1/input/input4
[    2.009142] e1000 0000:00:03.0 eth0: (PCI:33MHz:32-bit) 02:45:97:fd:e2:17
[    2.010237] e1000 0000:00:03.0 eth0: Intel(R) PRO/1000 Network Connection
[    3.278315] e1000 0000:00:08.0 eth1: (PCI:33MHz:32-bit) 08:00:27:d6:45:d9
[    3.279302] e1000 0000:00:08.0 eth1: Intel(R) PRO/1000 Network Connection
[    3.280971] mptbase: ioc0: Initiating bringup
[    3.281057] e1000 0000:00:03.0 enp0s3: renamed from eth0
[    3.313042] e1000 0000:00:08.0 enp0s8: renamed from eth1
[    4.146023] ioc0: LSI53C1030 A0: Capabilities={Initiator}
[    5.902796] scsi host2: ioc0: LSI53C1030 A0, FwRev=00000000h, Ports=1, MaxQ=256, IRQ=20
[    8.476335] scsi 2:0:0:0: Direct-Access     VBOX     HARDDISK         1.0  PQ: 0 ANSI: 5
[    9.137081] scsi target2:0:0: Beginning Domain Validation
[    9.141177] scsi target2:0:0: Domain Validation skipping write tests
[    9.142295] scsi target2:0:0: Ending Domain Validation
[    9.143292] scsi target2:0:0: asynchronous
[    9.144376] scsi 2:0:1:0: Direct-Access     VBOX     HARDDISK         1.0  PQ: 0 ANSI: 5
[    9.663233] scsi target2:0:1: Beginning Domain Validation
[    9.666918] random: fast init done
[    9.667601] scsi target2:0:1: Domain Validation skipping write tests
[    9.668538] scsi target2:0:1: Ending Domain Validation
[    9.669360] scsi target2:0:1: asynchronous
[    9.672751] random: systemd-udevd: uninitialized urandom read (16 bytes read)
[    9.672816] sd 2:0:0:0: Attached scsi generic sg0 type 0
[    9.673814] random: systemd-udevd: uninitialized urandom read (16 bytes read)
[    9.674721] sd 2:0:1:0: Attached scsi generic sg1 type 0
[    9.675608] random: systemd-udevd: uninitialized urandom read (16 bytes read)
[    9.677618] sd 2:0:0:0: [sda] 83886080 512-byte logical blocks: (42.9 GB/40.0 GiB)
[    9.678735] sd 2:0:1:0: [sdb] 20480 512-byte logical blocks: (10.5 MB/10.0 MiB)
[    9.679812] sd 2:0:0:0: [sda] Write Protect is off
[    9.680561] sd 2:0:1:0: [sdb] Write Protect is off
[    9.681374] sd 2:0:0:0: [sda] Incomplete mode parameter data
[    9.682199] sd 2:0:0:0: [sda] Assuming drive cache: write through
[    9.683449] sd 2:0:1:0: [sdb] Incomplete mode parameter data
[    9.684366] sd 2:0:1:0: [sdb] Assuming drive cache: write through
[    9.685966]  sda: sda1
[    9.686907] sd 2:0:0:0: [sda] Attached SCSI disk
[    9.687595] sd 2:0:1:0: [sdb] Attached SCSI disk
Begin: Loading essential drivers ... [   10.988655] raid6: sse2x1   gen() 16043 MB/s
[   11.037835] raid6: sse2x1   xor()  9740 MB/s
[   11.084495] raid6: sse2x2   gen() 19673 MB/s
[   11.132416] raid6: sse2x2   xor() 12470 MB/s
[   11.180516] raid6: sse2x4   gen() 21594 MB/s
[   11.228267] raid6: sse2x4   xor() 11927 MB/s
[   11.276519] raid6: avx2x1   gen() 32408 MB/s
[   11.324332] raid6: avx2x1   xor() 18617 MB/s
[   11.372328] raid6: avx2x2   gen() 36890 MB/s
[   11.420712] raid6: avx2x2   xor() 21951 MB/s
[   11.468255] raid6: avx2x4   gen() 40753 MB/s
[   11.516255] raid6: avx2x4   xor() 24655 MB/s
[   11.517002] raid6: using algorithm avx2x4 gen() 40753 MB/s
[   11.517816] raid6: .... xor() 24655 MB/s, rmw enabled
[   11.518649] raid6: using avx2x2 recovery algorithm
[   11.520667] xor: automatically using best checksumming function   avx       
[   11.522319] async_tx: api initialized (async)
done.
Begin: Running /scripts/init-premount ... done.
Begin: Mounting root file system ... Begin: Running /scripts/local-top ... done.
Begin: Running /scripts/local-premount ... [   11.548534] Btrfs loaded, crc32c=crc32c-intel
Scanning for Btrfs filesystems
done.
Warning: fsck not present, so skipping root file system
[   11.561840] EXT4-fs (sda1): mounted filesystem with ordered data mode. Opts: (null)
done.
Begin: Running /scripts/local-bottom ... done.
Begin: Running /scripts/init-bottom ... done.
[   12.173229] ip_tables: (C) 2000-2006 Netfilter Core Team
[   12.177224] systemd[1]: systemd 237 running in system mode. (+PAM +AUDIT +SELINUX +IMA +APPARMOR +SMACK +SYSVINIT +UTMP +LIBCRYPTSETUP +GCRYPT +GNUTLS +ACL +XZ +LZ4 +SECCOMP +BLKID +ELFUTILS +KMOD -IDN2 +IDN -PCRE2 default-hierarchy=hybrid)
[   12.180239] systemd[1]: Detected virtualization oracle.
[   12.181002] systemd[1]: Detected architecture x86-64.

Welcome to [1mUbuntu 18.04.5 LTS[0m!

[   12.190392] systemd[1]: Set hostname to <ubuntu>.
[   12.192075] systemd[1]: Initializing machine ID from random generator.
[   12.193053] systemd[1]: Installed transient /etc/machine-id file.
[   12.610868] systemd[1]: Reached target System Time Synchronized.
[[0;32m  OK  [0m] Reached target System Time Synchronized.
[   12.614397] systemd[1]: Created slice System Slice.
[[0;32m  OK  [0m] Created slice System Slice.
[   12.615732] systemd[1]: Listening on fsck to fsckd communication Socket.
[[0;32m  OK  [0m] Listening on fsck to fsckd communication Socket.
[   12.617578] systemd[1]: Listening on Journal Audit Socket.
[[0;32m  OK  [0m] Listening on Journal Audit Socket.
[[0;32m  OK  [0m] Listening on udev Control Socket.
[[0;32m  OK  [0m] Created slice system-serial\x2dgetty.slice.
[[0;32m  OK  [0m] Listening on LVM2 metadata daemon socket.
[[0;32m  OK  [0m] Listening on udev Kernel Socket.
[[0;32m  OK  [0m] Listening on Journal Socket (/dev/log).
[[0;32m  OK  [0m] Reached target User and Group Name Lookups.
[[0;32m  OK  [0m] Listening on Syslog Socket.
[[0;32m  OK  [0m] Listening on Network Service Netlink Socket.
[[0;32m  OK  [0m] Listening on /dev/initctl Compatibility Named Pipe.
[[0;32m  OK  [0m] Started Forward Password Requests to Wall Directory Watch.
[[0;32m  OK  [0m] Created slice User and Session Slice.
[[0;32m  OK  [0m] Reached target Slices.
[[0;32m  OK  [0m] Listening on LVM2 poll daemon socket.
[[0;32m  OK  [0m] Reached target Swap.
[[0;32m  OK  [0m] Listening on Device-mapper event daemon FIFOs.
[[0;32m  OK  [0m] Set up automount Arbitrary Executabâ€¦rmats File System Automount Point.
[[0;32m  OK  [0m] Listening on Journal Socket.
         Mounting Kernel Debug File System...
         Mounting Huge Pages File System...
         Starting Load Kernel Modules...
         Starting Uncomplicated firewall...
         Starting Monitoring of LVM2 mirrorsâ€¦ng dmeventd or progress polling...
         Starting udev Coldplug all Devices...
         Starting Set the console keyboard layout...
         Starting Create list of required stâ€¦ce nodes for the current kernel...
         Starting Journal Service...
         Starting File System Check on Root Device...
         Mounting POSIX Message Queue File System...
[[0;32m  OK  [0m] Mounted Kernel Debug File System.
[[0;32m  OK  [0m] Mounted Huge Pages File System.
[[0;32m  OK  [0m] Started Uncomplicated firewall.
[[0;32m  OK  [0m] Started Create list of required staâ€¦vice nodes for the current kernel.
[[0;32m  OK  [0m] Mounted POSIX Message Queue File System.
[[0;32m  OK  [0m] Started LVM2 metadata daemon.
         Starting Create Static Device Nodes in /dev...
[   12.691503] Loading iSCSI transport class v2.0-870.
[   12.695001] iscsi: registered transport (tcp)
[[0;32m  OK  [0m] Started udev Coldplug all Devices.
[[0;32m  OK  [0m] Started Journal Service.
[[0;32m  OK  [0m] Started File System Check Daemon to report status.
[[0;32m  OK  [0m] Started Create Static Device Nodes in /dev.
[[0;32m  OK  [0m] Started File System Check on Root Device.
         Starting Remount Root and Kernel File Systems...
[   12.749740] iscsi: registered transport (iser)
[[0;32m  OK  [0m] Started Load Kernel Modules.
         Mounting Kernel Configuration File System...
         Mounting FUSE Control File System...
         Starting Apply Kernel Variables...
[[0;32m  OK  [0m] Mounted FUSE Control File System.
[[0;32m  OK  [0m] Mounted Kernel Configuration File System.
[[0;32m  OK  [0m] Started Monitoring of LVM2 mirrors,â€¦sing dmeventd or progress polling.
[[0;32m  OK  [0m] Started Remount Root and Kernel File Systems.
         Starting Load/Save Random Seed...
         Starting Flush Journal to Persistent Storage...
         Starting udev Kernel Device Manager...
[[0;32m  OK  [0m] Started Apply Kernel Variables.
[[0;32m  OK  [0m] Started Load/Save Random Seed.
[[0;32m  OK  [0m] Started Set the console keyboard layout.
[[0;32m  OK  [0m] Reached target Local File Systems (Pre).
[[0;32m  OK  [0m] Reached target Local File Systems.
         Starting ebtables ruleset management...
         Starting AppArmor initialization...
         Starting Tell Plymouth To Write Out Runtime Data...
         Starting Commit a transient machine-id on disk...
         Starting Set console font and keymap...
[[0;32m  OK  [0m] Started udev Kernel Device Manager.
[[0;32m  OK  [0m] Started Dispatch Password Requests to Console Directory Watch.
[[0;32m  OK  [0m] Reached target Local Encrypted Volumes.
[[0;32m  OK  [0m] Started Tell Plymouth To Write Out Runtime Data.
[[0;32m  OK  [0m] Started Set console font and keymap.
[[0;32m  OK  [0m] Started Flush Journal to Persistent Storage.
         Starting Create Volatile Files and Directories...
[[0;32m  OK  [0m] Found device /dev/ttyS0.
[[0;32m  OK  [0m] Started Create Volatile Files and Directories.
[[0;32m  OK  [0m] Started ebtables ruleset management.
[[0;32m  OK  [0m] Started Commit a transient machine-id on disk.
         Starting Update UTMP about System Boot/Shutdown...
[[0;32m  OK  [0m] Started Update UTMP about System Boot/Shutdown.
[[0;32m  OK  [0m] Listening on Load/Save RF Kill Switch Status /dev/rfkill Watch.
[[0;32m  OK  [0m] Started AppArmor initialization.
         Starting Load AppArmor profiles managed internally by snapd...
         Starting Initial cloud-init job (pre-networking)...
[[0;32m  OK  [0m] Started Load AppArmor profiles managed internally by snapd.
[   13.740682] cloud-init[614]: Cloud-init v. 20.4.1-0ubuntu1~18.04.1 running 'init-local' at Sun, 21 Mar 2021 06:49:23 +0000. Up 13.55 seconds.
[[0;32m  OK  [0m] Started Initial cloud-init job (pre-networking).
[[0;32m  OK  [0m] Reached target Network (Pre).
         Starting Network Service...
[[0;32m  OK  [0m] Started Network Service.
         Starting Network Name Resolution...
         Starting Wait for Network to be Configured...
[[0;32m  OK  [0m] Started Network Name Resolution.
[[0;32m  OK  [0m] Reached target Host and Network Name Lookups.
[[0;32m  OK  [0m] Reached target Network.
[[0;32m  OK  [0m] Started Wait for Network to be Configured.
         Starting Initial cloud-init job (metadata service crawler)...
[   15.900333] cloud-init[740]: Cloud-init v. 20.4.1-0ubuntu1~18.04.1 running 'init' at Sun, 21 Mar 2021 06:49:25 +0000. Up 15.82 seconds.
[   15.901415] cloud-init[740]: ci-info: ++++++++++++++++++++++++++++++++++++++Net device info+++++++++++++++++++++++++++++++++++++++
[   15.903067] cloud-init[740]: ci-info: +--------+-------+----------------------------+---------------+--------+-------------------+
[   15.904774] cloud-init[740]: ci-info: | Device |   Up  |          Address           |      Mask     | Scope  |     Hw-Address    |
[   15.906379] cloud-init[740]: ci-info: +--------+-------+----------------------------+---------------+--------+-------------------+
[   15.907934] cloud-init[740]: ci-info: | enp0s3 |  True |         10.0.2.15          | 255.255.255.0 | global | 02:45:97:fd:e2:17 |
[   15.909489] cloud-init[740]: ci-info: | enp0s3 |  True | fe80::45:97ff:fefd:e217/64 |       .       |  link  | 02:45:97:fd:e2:17 |
[   15.910959] cloud-init[740]: ci-info: | enp0s8 | False |             .              |       .       |   .    | 08:00:27:d6:45:d9 |
[   15.912446] cloud-init[740]: ci-info: |   lo   |  True |         127.0.0.1          |   255.0.0.0   |  host  |         .         |
[   15.913925] cloud-init[740]: ci-info: |   lo   |  True |          ::1/128           |       .       |  host  |         .         |
[   15.915403] cloud-init[740]: ci-info: +--------+-------+----------------------------+---------------+--------+-------------------+
[   15.916950] cloud-init[740]: ci-info: ++++++++++++++++++++++++++++Route IPv4 info+++++++++++++++++++++++++++++
[   15.918194] cloud-init[740]: ci-info: +-------+-------------+----------+-----------------+-----------+-------+
[   15.919432] cloud-init[740]: ci-info: | Route | Destination | Gateway  |     Genmask     | Interface | Flags |
[   15.920714] cloud-init[740]: ci-info: +-------+-------------+----------+-----------------+-----------+-------+
[   15.921944] cloud-init[740]: ci-info: |   0   |   0.0.0.0   | 10.0.2.2 |     0.0.0.0     |   enp0s3  |   UG  |
[   15.923225] cloud-init[740]: ci-info: |   1   |   10.0.2.0  | 0.0.0.0  |  255.255.255.0  |   enp0s3  |   U   |
[   15.924573] cloud-init[740]: ci-info: |   2   |   10.0.2.2  | 0.0.0.0  | 255.255.255.255 |   enp0s3  |   UH  |
[   15.925854] cloud-init[740]: ci-info: +-------+-------------+----------+-----------------+-----------+-------+
[   15.927104] cloud-init[740]: ci-info: +++++++++++++++++++Route IPv6 info+++++++++++++++++++
[   15.928311] cloud-init[740]: ci-info: +-------+-------------+---------+-----------+-------+
[   15.929446] cloud-init[740]: ci-info: | Route | Destination | Gateway | Interface | Flags |
[   15.930497] cloud-init[740]: ci-info: +-------+-------------+---------+-----------+-------+
[   15.931553] cloud-init[740]: ci-info: |   1   |  fe80::/64  |    ::   |   enp0s3  |   U   |
[   15.932665] cloud-init[740]: ci-info: |   3   |    local    |    ::   |   enp0s3  |   U   |
[   15.933715] cloud-init[740]: ci-info: |   4   |   ff00::/8  |    ::   |   enp0s3  |   U   |
[   15.934764] cloud-init[740]: ci-info: +-------+-------------+---------+-----------+-------+
[   16.671337] cloud-init[740]: Generating public/private rsa key pair.
[   16.672277] cloud-init[740]: Your identification has been saved in /etc/ssh/ssh_host_rsa_key.
[   16.673023] cloud-init[740]: Your public key has been saved in /etc/ssh/ssh_host_rsa_key.pub.
[   16.673938] cloud-init[740]: The key fingerprint is:
[   16.674572] cloud-init[740]: SHA256:cnZRuVhfT4HyYyRzX0Y+qQ8tLPewpyDcqwpMZtxU8Yk root@ubuntu-bionic
[   16.675718] cloud-init[740]: The key's randomart image is:
[   16.676442] cloud-init[740]: +---[RSA 2048]----+
[   16.677031] cloud-init[740]: |         o. ...oo|
[   16.677649] cloud-init[740]: |        . o=++ .*|
[   16.678140] cloud-init[740]: |       . E.=Bo.*+|
[   16.678731] cloud-init[740]: |    . o   ..o++.o|
[   16.679289] cloud-init[740]: |     =..S ...B.. |
[   16.679727] cloud-init[740]: |    =  +... o B  |
[   16.680325] cloud-init[740]: |     o   o o . + |
[   16.680926] cloud-init[740]: |      .   . o o  |
[   16.681529] cloud-init[740]: |       ..... .   |
[   16.682128] cloud-init[740]: +----[SHA256]-----+
[   16.682728] cloud-init[740]: Generating public/private dsa key pair.
[   16.683541] cloud-init[740]: Your identification has been saved in /etc/ssh/ssh_host_dsa_key.
[   16.684675] cloud-init[740]: Your public key has been saved in /etc/ssh/ssh_host_dsa_key.pub.
[   16.685758] cloud-init[740]: The key fingerprint is:
[   16.686426] cloud-init[740]: SHA256:tDxp8BLXkqd8gEz2RSnCOTY2wTbY1tiRpFoo61W/wlI root@ubuntu-bionic
[   16.687327] cloud-init[740]: The key's randomart image is:
[   16.688011] cloud-init[740]: +---[DSA 1024]----+
[   16.688661] cloud-init[740]: |     =+Bo+o.     |
[   16.689260] cloud-init[740]: |    .=^+=+.      |
[   16.689853] cloud-init[740]: |  . .=O*B.o      |
[   16.690442] cloud-init[740]: |   o + X B       |
[   16.691031] cloud-init[740]: |  . o E S .      |
[   16.691628] cloud-init[740]: | . . o o +       |
[   16.692275] cloud-init[740]: |  . . o .        |
[   16.692870] cloud-init[740]: |     . .         |
[   16.693461] cloud-init[740]: |                 |
[   16.694049] cloud-init[740]: +----[SHA256]-----+
[   16.694640] cloud-init[740]: Generating public/private ecdsa key pair.
[   16.695442] cloud-init[740]: Your identification has been saved in /etc/ssh/ssh_host_ecdsa_key.
[   16.696390] cloud-init[740]: Your public key has been saved in /etc/ssh/ssh_host_ecdsa_key.pub.
[[   16.712744] [0;32m  OK  [0mcloud-init] [740]: Started Initial cloud-init job (metadata service crawler).The key fingerprint is:

[   16.714944] cloud-init[740]: SHA256:RNCb0DAl99BWWpyQ9CA9/Mqs1qN3uPKGakin90k6l/M root@ubuntu-bionic
[   16.716691] cloud-init[740]: The key's randomart image is:
[[   16.717513] cloud-init[740]: +---[ECDSA 256]---+
[   16.717566] cloud-init[740]: |      =**=+=o.   |
[   16.718134] cloud-init[740]: |      .=o+B=o    |
[   16.718693] cloud-init[740]: |       ..+oo.    |
[   16.719158] cloud-init[740]: |       .o   .    |
[   16.719630] cloud-init[740]: |        So .     |
[   16.720286] cloud-init[740]: |    . .   +      |
[   16.720760] cloud-init[740]: |   . +  .= .     |
[   16.721176] cloud-init[740]: |    o +oO.* .    |
[   16.721643] cloud-init[740]: |     oo*+OE+     |
[   16.722113] cloud-init[740]: +----[SHA256]-----+
[   16.722578] cloud-init[740]: Generating public/private ed25519 key pair.
[   16.723049] cloud-init[740]: Your identification has been saved in /etc/ssh/ssh_host_ed25519_key.
[   16.723520] cloud-init[740]: Your public key has been saved in /etc/ssh/ssh_host_ed25519_key.pub.
[   16.723988] cloud-init[740]: The key fingerprint is:
[0;32m  OK  [0m] Reached target Network is Online.
[   16.724186] cloud-init[740]: SHA256:ln8NxfarEeveKerKWyS3b5/GzAgKlz3qCd9i68h+b8U root@ubuntu-bionic
[   16.728462] cloud-init[740]: The key's randomart image is:
[   16.728846] cloud-init[740]: +--[ED25519 256]--+
[   16.729456] cloud-init[740]: |                 |
[   16.730062] cloud-init[740]: |             .   |
[   16.730719] cloud-init[740]: |              +  |
[   16.731328] cloud-init[740]: |         .   o . |
[   16.731933] cloud-init[740]: |        S.ooo.  .|
[   16.732571] cloud-init[740]: |       o +++.Eo .|
[   16.733180] cloud-init[740]: |       .o +o=o*. |
[   16.733790] cloud-init[740]: |      . =*+oo++=o|
[   16.734411] cloud-init[740]: |      .+=XO=+=+= |
[   16.735015] cloud-init[740]: +----[SHA256]-----+
         Starting Availability of block devices...
[[0;32m  OK  [0m] Reached target Remote File Systems (Pre).
[[0;32m  OK  [0m] Reached target Remote File Systems.
[[0;32m  OK  [0m] Reached target Cloud-config availability.
[[0;32m  OK  [0m] Reached target System Initialization.
[[0;32m  OK  [0m] Listening on D-Bus System Message Bus Socket.
         Starting LXD - unix socket.
[[0;32m  OK  [0m] Started Daily Cleanup of Temporary Directories.
[[0;32m  OK  [0m] Started Message of the Day.
[[0;32m  OK  [0m] Listening on UUID daemon activation socket.
[[0;32m  OK  [0m] Started Daily apt download activities.
[[0;32m  OK  [0m] Started Daily apt upgrade and clean activities.
[[0;32m  OK  [0m] Started Discard unused blocks once a week.
[[0;32m  OK  [0m] Reached target Timers.
[[0;32m  OK  [0m] Listening on Open-iSCSI iscsid Socket.
[[0;32m  OK  [0m] Started ACPI Events Check.
[[0;32m  OK  [0m] Reached target Paths.
         Starting Socket activation for snappy daemon.
[[0;32m  OK  [0m] Listening on ACPID Listen Socket.
[[0;32m  OK  [0m] Started Availability of block devices.
[[0;32m  OK  [0m] Listening on LXD - unix socket.
[[0;32m  OK  [0m] Listening on Socket activation for snappy daemon.
[[0;32m  OK  [0m] Reached target Sockets.
[[0;32m  OK  [0m] Reached target Basic System.
         Starting Virtualbox guest utils...
[[0;32m  OK  [0m] Started FUSE filesystem for LXC.
         Starting Dispatcher daemon for systemd-networkd...
         Starting System Logging Service...
         Starting Permit User Sessions...
[[0;32m  OK  [0m] Started irqbalance daemon.
         Starting Accounts Service...
[[0;32m  OK  [0m] Started Regular background program processing daemon.
[[0;32m  OK  [0m] Started Deferred execution scheduler.
[[0;32m  OK  [0m] Started D-Bus System Message Bus.
         Starting Login Service...
         Starting Pollinate to seed the pseudo random number generator...
         Starting LSB: Record successful boot for GRUB...
         Starting LSB: automatic crash report generation...
         Starting Snap Daemon...
         Starting LXD - container startup/shutdown...
[[0;32m  OK  [0m] Started System Logging Service.
[[0;32m  OK  [0m] Started Permit User Sessions.
         Starting Terminate Plymouth Boot Screen...
         Starting Hold until boot process finishes up...
[[0;32m  OK  [0m] Started Hold until boot process finishes up.
[[0;32m  OK  [0m] Started Serial Getty on ttyS0.
         Starting Set console scheme...
[[0;32m  OK  [0m] Started Terminate Plymouth Boot Screen.
[[0;32m  OK  [0m] Started Login Service.
[[0;32m  OK  [0m] Started Unattended Upgrades Shutdown.
[[0;32m  OK  [0m] Started Set console scheme.
[[0;32m  OK  [0m] Created slice system-getty.slice.
[[0;32m  OK  [0m] Started Getty on tty1.
[[0;32m  OK  [0m] Reached target Login Prompts.
[[0;32m  OK  [0m] Started LXD - container startup/shutdown.
         Starting Authorization Manager...
[[0;32m  OK  [0m] Started LSB: automatic crash report generation.
[[0;32m  OK  [0m] Started Authorization Manager.
[[0;32m  OK  [0m] Started Accounts Service.
[[0;32m  OK  [0m] Started Virtualbox guest utils.
[[0;32m  OK  [0m] Started LSB: Record successful boot for GRUB.
[[0;32m  OK  [0m] Started Dispatcher daemon for systemd-networkd.
[[0;32m  OK  [0m] Started Snap Daemon.
         Starting Wait until snapd is fully seeded...
[[0;32m  OK  [0m] Started Pollinate to seed the pseudo random number generator.
         Starting OpenBSD Secure Shell server...
[[0;32m  OK  [0m] Started OpenBSD Secure Shell server.
[[0;32m  OK  [0m] Created slice User Slice of vagrant.
         Starting User Manager for UID 1000...
[[0;32m  OK  [0m] Started Session 1 of user vagrant.
[[0;32m  OK  [0m] Started User Manager for UID 1000.
[[0;32m  OK  [0m] Started Wait until snapd is fully seeded.
         Starting Apply the settings specified in cloud-config...
[[0;32m  OK  [0m] Reached target Multi-User System.
[[0;32m  OK  [0m] Reached target Graphical Interface.
         Starting Update UTMP about System Runlevel Changes...
[[0;32m  OK  [0m] Started Update UTMP about System Runlevel Changes.
         Stopping User Manager for UID 1000...
[[0;32m  OK  [0m] Stopped User Manager for UID 1000.
[[0;32m  OK  [0m] Removed slice User Slice of vagrant.
[[0;32m  OK  [0m] Created slice User Slice of vagrant.
         Starting User Manager for UID 1000...
[[0;32m  OK  [0m] Started Session 3 of user vagrant.
[[0;32m  OK  [0m] Started User Manager for UID 1000.
[   20.928693] cloud-init[1562]: Cloud-init v. 20.4.1-0ubuntu1~18.04.1 running 'modules:config' at Sun, 21 Mar 2021 06:49:30 +0000. Up 20.72 seconds.
[[0;32m  OK  [0m] Started Apply the settings specified in cloud-config.
         Starting Execute cloud user/final scripts...
ci-info: no authorized SSH keys fingerprints found for user ubuntu.
<14>Mar 21 06:49:31 ec2: 
<14>Mar 21 06:49:31 ec2: #############################################################
<14>Mar 21 06:49:31 ec2: -----BEGIN SSH HOST KEY FINGERPRINTS-----
<14>Mar 21 06:49:31 ec2: 1024 SHA256:tDxp8BLXkqd8gEz2RSnCOTY2wTbY1tiRpFoo61W/wlI root@ubuntu-bionic (DSA)
<14>Mar 21 06:49:31 ec2: 256 SHA256:RNCb0DAl99BWWpyQ9CA9/Mqs1qN3uPKGakin90k6l/M root@ubuntu-bionic (ECDSA)
<14>Mar 21 06:49:31 ec2: 256 SHA256:ln8NxfarEeveKerKWyS3b5/GzAgKlz3qCd9i68h+b8U root@ubuntu-bionic (ED25519)
<14>Mar 21 06:49:31 ec2: 2048 SHA256:cnZRuVhfT4HyYyRzX0Y+qQ8tLPewpyDcqwpMZtxU8Yk root@ubuntu-bionic (RSA)
<14>Mar 21 06:49:31 ec2: -----END SSH HOST KEY FINGERPRINTS-----
<14>Mar 21 06:49:31 ec2: #############################################################
-----BEGIN SSH HOST KEY KEYS-----
ecdsa-sha2-nistp256 AAAAE2VjZHNhLXNoYTItbmlzdHAyNTYAAAAIbmlzdHAyNTYAAABBBOYHoWP8/y55jekew0p4PngVaLUrndQl0zesMLmpg1vvg0rFCNHpDUeJm3VlBsY2t03zHyAVudKENynxQJKq3Tc= root@ubuntu-bionic
ssh-ed25519 AAAAC3NzaC1lZDI1NTE5AAAAIEpqgAf9L/hdmlosi6A+LgWYrNAX+aDD4r2ZbAtTTKEg root@ubuntu-bionic
ssh-rsa AAAAB3NzaC1yc2EAAAADAQABAAABAQC2Jq/AggGQCi1Ck4v65XuSKroEJMJ+S7p1EX16SYPfKIC7OygpTRWS639xY4/nfh54wHy4C8zBpAm6Y6GVOekOrDg7xXDKcaMNOIffQmiSYmzm+06Hf3fcwJ4167ZG+0iNjeg2WPtIXOcEZgTsv1UZ3VDw5SMSuheApZ1O0glvt7R7AdDlcKtxCVvtlZJgbcJf9/WrXGwbrtliUK7SbHNRoEdPXbhFqzCnXwvaEmw+ORDZIK/B2j3G7zu/A9YoEIM5LOJMOhJEgzo2lkjeBALVxeXfVGezgN0gZDSkG6XJE8A4tkWMWVeRMtdpW4OJ9SeGzLUkE/NLuBfRHBdLm3st root@ubuntu-bionic
-----END SSH HOST KEY KEYS-----
[   21.259227] cloud-init[1710]: Cloud-init v. 20.4.1-0ubuntu1~18.04.1 running 'modules:final' at Sun, 21 Mar 2021 06:49:31 +0000. Up 21.17 seconds.
[   21.260577] cloud-init[1710]: ci-info: no authorized SSH keys fingerprints found for user ubuntu.
[   21.261613] cloud-init[1710]: Cloud-init v. 20.4.1-0ubuntu1~18.04.1 finished at Sun, 21 Mar 2021 06:49:31 +0000. Datasource DataSourceNoCloud [seed=/dev/sdb][dsmode=net].  Up 21.25 seconds
[[0;32m  OK  [0m] Started Execute cloud user/final scripts.
[[0;32m  OK  [0m] Reached target Cloud-init target.

Ubuntu 18.04.5 LTS ubuntu-bionic ttyS0

ubuntu-bionic login: 